[ 25%] [32mBuilding CXX object CMakeFiles/teleop_node.dir/scripts/teleop_node.cpp.o[0m
[ 50%] [32m[1mLinking CXX executable teleop_node[0m
[ 50%] Built target teleop_node
[100%] Built target imu_listener
-- Install configuration: ""
-- Execute custom install script
-- Up-to-date symlink: /home/dlyerly/ros2_ws/src/bluerov2_gz/install/bluerov2_gz/share/bluerov2_gz/environment/setup.dsv
-- Symlinking: /home/dlyerly/ros2_ws/src/bluerov2_gz/install/bluerov2_gz/share/bluerov2_gz/launch/bluerov_stack.launch.py
-- Symlinking: /home/dlyerly/ros2_ws/src/bluerov2_gz/install/bluerov2_gz/share/bluerov2_gz/config/bridge_config.yaml
-- Symlinking: /home/dlyerly/ros2_ws/src/bluerov2_gz/install/bluerov2_gz/lib/bluerov2_gz/depth_calculator.py
-- Up-to-date symlink: /home/dlyerly/ros2_ws/src/bluerov2_gz/install/bluerov2_gz/lib/bluerov2_gz/teleop_node
-- Up-to-date symlink: /home/dlyerly/ros2_ws/src/bluerov2_gz/install/bluerov2_gz/lib/bluerov2_gz/imu_listener
-- Up-to-date symlink: /home/dlyerly/ros2_ws/src/bluerov2_gz/install/bluerov2_gz/share/bluerov2_gz/models/axes/model.config
-- Up-to-date symlink: /home/dlyerly/ros2_ws/src/bluerov2_gz/install/bluerov2_gz/share/bluerov2_gz/models/axes/model.sdf
-- Up-to-date symlink: /home/dlyerly/ros2_ws/src/bluerov2_gz/install/bluerov2_gz/share/bluerov2_gz/models/bluerov2/BlueROV2.md
-- Up-to-date symlink: /home/dlyerly/ros2_ws/src/bluerov2_gz/install/bluerov2_gz/share/bluerov2_gz/models/bluerov2/configs.yaml
-- Up-to-date symlink: /home/dlyerly/ros2_ws/src/bluerov2_gz/install/bluerov2_gz/share/bluerov2_gz/models/bluerov2/meshes/bluerov2.dae
-- Up-to-date symlink: /home/dlyerly/ros2_ws/src/bluerov2_gz/install/bluerov2_gz/share/bluerov2_gz/models/bluerov2/meshes/t200_ccw_prop.dae
-- Up-to-date symlink: /home/dlyerly/ros2_ws/src/bluerov2_gz/install/bluerov2_gz/share/bluerov2_gz/models/bluerov2/meshes/t200_cw_prop.dae
-- Up-to-date symlink: /home/dlyerly/ros2_ws/src/bluerov2_gz/install/bluerov2_gz/share/bluerov2_gz/models/bluerov2/model.config
-- Up-to-date symlink: /home/dlyerly/ros2_ws/src/bluerov2_gz/install/bluerov2_gz/share/bluerov2_gz/models/bluerov2/model.sdf
-- Up-to-date symlink: /home/dlyerly/ros2_ws/src/bluerov2_gz/install/bluerov2_gz/share/bluerov2_gz/models/bluerov2/model.sdf.in
-- Up-to-date symlink: /home/dlyerly/ros2_ws/src/bluerov2_gz/install/bluerov2_gz/share/bluerov2_gz/models/bluerov2_heavy/BlueROV2Heavy.md
-- Up-to-date symlink: /home/dlyerly/ros2_ws/src/bluerov2_gz/install/bluerov2_gz/share/bluerov2_gz/models/bluerov2_heavy/configs.yaml
-- Up-to-date symlink: /home/dlyerly/ros2_ws/src/bluerov2_gz/install/bluerov2_gz/share/bluerov2_gz/models/bluerov2_heavy/meshes/bluerov2_heavy.dae
-- Up-to-date symlink: /home/dlyerly/ros2_ws/src/bluerov2_gz/install/bluerov2_gz/share/bluerov2_gz/models/bluerov2_heavy/meshes/t200_ccw_prop.dae
-- Up-to-date symlink: /home/dlyerly/ros2_ws/src/bluerov2_gz/install/bluerov2_gz/share/bluerov2_gz/models/bluerov2_heavy/meshes/t200_cw_prop.dae
-- Up-to-date symlink: /home/dlyerly/ros2_ws/src/bluerov2_gz/install/bluerov2_gz/share/bluerov2_gz/models/bluerov2_heavy/model.config
-- Up-to-date symlink: /home/dlyerly/ros2_ws/src/bluerov2_gz/install/bluerov2_gz/share/bluerov2_gz/models/bluerov2_heavy/model.sdf
-- Up-to-date symlink: /home/dlyerly/ros2_ws/src/bluerov2_gz/install/bluerov2_gz/share/bluerov2_gz/models/bluerov2_heavy/model.sdf.in
-- Up-to-date symlink: /home/dlyerly/ros2_ws/src/bluerov2_gz/install/bluerov2_gz/share/bluerov2_gz/models/bluerov2_ping/BlueROV2Ping.md
-- Up-to-date symlink: /home/dlyerly/ros2_ws/src/bluerov2_gz/install/bluerov2_gz/share/bluerov2_gz/models/bluerov2_ping/configs.yaml
-- Up-to-date symlink: /home/dlyerly/ros2_ws/src/bluerov2_gz/install/bluerov2_gz/share/bluerov2_gz/models/bluerov2_ping/model.config
-- Up-to-date symlink: /home/dlyerly/ros2_ws/src/bluerov2_gz/install/bluerov2_gz/share/bluerov2_gz/models/bluerov2_ping/model.sdf
-- Up-to-date symlink: /home/dlyerly/ros2_ws/src/bluerov2_gz/install/bluerov2_gz/share/bluerov2_gz/models/bluerov2_ping/model.sdf.in
-- Up-to-date symlink: /home/dlyerly/ros2_ws/src/bluerov2_gz/install/bluerov2_gz/share/bluerov2_gz/models/sand_heightmap/materials/flat_normal.png
-- Up-to-date symlink: /home/dlyerly/ros2_ws/src/bluerov2_gz/install/bluerov2_gz/share/bluerov2_gz/models/sand_heightmap/materials/soil_sand_0045_01.jpg
-- Up-to-date symlink: /home/dlyerly/ros2_ws/src/bluerov2_gz/install/bluerov2_gz/share/bluerov2_gz/models/sand_heightmap/meshes/License and source for textures.txt
-- Up-to-date symlink: /home/dlyerly/ros2_ws/src/bluerov2_gz/install/bluerov2_gz/share/bluerov2_gz/models/sand_heightmap/meshes/heightmap.dae
-- Up-to-date symlink: /home/dlyerly/ros2_ws/src/bluerov2_gz/install/bluerov2_gz/share/bluerov2_gz/models/sand_heightmap/meshes/sandseabed.dae
-- Up-to-date symlink: /home/dlyerly/ros2_ws/src/bluerov2_gz/install/bluerov2_gz/share/bluerov2_gz/models/sand_heightmap/meshes/soil_sand_0045_01.jpg
-- Up-to-date symlink: /home/dlyerly/ros2_ws/src/bluerov2_gz/install/bluerov2_gz/share/bluerov2_gz/models/sand_heightmap/model.config
-- Up-to-date symlink: /home/dlyerly/ros2_ws/src/bluerov2_gz/install/bluerov2_gz/share/bluerov2_gz/models/sand_heightmap/model.sdf
-- Up-to-date symlink: /home/dlyerly/ros2_ws/src/bluerov2_gz/install/bluerov2_gz/share/bluerov2_gz/worlds/bluerov2_heavy_underwater.world
-- Up-to-date symlink: /home/dlyerly/ros2_ws/src/bluerov2_gz/install/bluerov2_gz/share/bluerov2_gz/worlds/bluerov2_ping.world
-- Up-to-date symlink: /home/dlyerly/ros2_ws/src/bluerov2_gz/install/bluerov2_gz/share/bluerov2_gz/worlds/bluerov2_underwater.world
-- Up-to-date symlink: /home/dlyerly/ros2_ws/src/bluerov2_gz/install/bluerov2_gz/share/ament_index/resource_index/package_run_dependencies/bluerov2_gz
-- Up-to-date symlink: /home/dlyerly/ros2_ws/src/bluerov2_gz/install/bluerov2_gz/share/ament_index/resource_index/parent_prefix_path/bluerov2_gz
-- Up-to-date symlink: /home/dlyerly/ros2_ws/src/bluerov2_gz/install/bluerov2_gz/share/bluerov2_gz/environment/ament_prefix_path.sh
-- Up-to-date symlink: /home/dlyerly/ros2_ws/src/bluerov2_gz/install/bluerov2_gz/share/bluerov2_gz/environment/ament_prefix_path.dsv
-- Up-to-date symlink: /home/dlyerly/ros2_ws/src/bluerov2_gz/install/bluerov2_gz/share/bluerov2_gz/environment/path.sh
-- Up-to-date symlink: /home/dlyerly/ros2_ws/src/bluerov2_gz/install/bluerov2_gz/share/bluerov2_gz/environment/path.dsv
-- Up-to-date symlink: /home/dlyerly/ros2_ws/src/bluerov2_gz/install/bluerov2_gz/share/bluerov2_gz/local_setup.bash
-- Up-to-date symlink: /home/dlyerly/ros2_ws/src/bluerov2_gz/install/bluerov2_gz/share/bluerov2_gz/local_setup.sh
-- Up-to-date symlink: /home/dlyerly/ros2_ws/src/bluerov2_gz/install/bluerov2_gz/share/bluerov2_gz/local_setup.zsh
-- Up-to-date symlink: /home/dlyerly/ros2_ws/src/bluerov2_gz/install/bluerov2_gz/share/bluerov2_gz/local_setup.dsv
-- Symlinking: /home/dlyerly/ros2_ws/src/bluerov2_gz/install/bluerov2_gz/share/bluerov2_gz/package.dsv
-- Up-to-date symlink: /home/dlyerly/ros2_ws/src/bluerov2_gz/install/bluerov2_gz/share/ament_index/resource_index/packages/bluerov2_gz
-- Up-to-date symlink: /home/dlyerly/ros2_ws/src/bluerov2_gz/install/bluerov2_gz/share/bluerov2_gz/cmake/bluerov2_gzConfig.cmake
-- Up-to-date symlink: /home/dlyerly/ros2_ws/src/bluerov2_gz/install/bluerov2_gz/share/bluerov2_gz/cmake/bluerov2_gzConfig-version.cmake
-- Up-to-date symlink: /home/dlyerly/ros2_ws/src/bluerov2_gz/install/bluerov2_gz/share/bluerov2_gz/package.xml
