[0.585s] DEBUG:colcon:Command line arguments: ['/usr/bin/colcon', 'build', '--packages-select', 'bluerov2_gz', '--symlink-install']
[0.585s] DEBUG:colcon:Parsed command line arguments: Namespace(log_base=None, log_level=None, verb_name='build', build_base='build', install_base='install', merge_install=False, symlink_install=True, test_result_base=None, continue_on_error=False, executor='parallel', parallel_workers=8, event_handlers=None, ignore_user_meta=False, metas=['./colcon.meta'], base_paths=['.'], packages_ignore=None, packages_ignore_regex=None, paths=None, packages_up_to=None, packages_up_to_regex=None, packages_above=None, packages_above_and_dependencies=None, packages_above_depth=None, packages_select_by_dep=None, packages_skip_by_dep=None, packages_skip_up_to=None, packages_select_build_failed=False, packages_skip_build_finished=False, packages_select_test_failures=False, packages_skip_test_passed=False, packages_select=['bluerov2_gz'], packages_skip=None, packages_select_regex=None, packages_skip_regex=None, packages_start=None, packages_end=None, allow_overriding=[], cmake_args=None, cmake_target=None, cmake_target_skip_unavailable=False, cmake_clean_cache=False, cmake_clean_first=False, cmake_force_configure=False, ament_cmake_args=None, catkin_cmake_args=None, catkin_skip_building_tests=False, mixin_files=None, mixin=None, verb_parser=<colcon_mixin.mixin.mixin_argument.MixinArgumentDecorator object at 0x7bd8a6e828a0>, verb_extension=<colcon_core.verb.build.BuildVerb object at 0x7bd8a6fb29c0>, main=<bound method BuildVerb.main of <colcon_core.verb.build.BuildVerb object at 0x7bd8a6fb29c0>>, mixin_verb=('build',))
[0.694s] Level 1:colcon.colcon_core.package_discovery:discover_packages(colcon_meta) check parameters
[0.694s] Level 1:colcon.colcon_core.package_discovery:discover_packages(recursive) check parameters
[0.694s] Level 1:colcon.colcon_core.package_discovery:discover_packages(ignore) check parameters
[0.695s] Level 1:colcon.colcon_core.package_discovery:discover_packages(path) check parameters
[0.695s] Level 1:colcon.colcon_core.package_discovery:discover_packages(colcon_meta) discover
[0.695s] Level 1:colcon.colcon_core.package_discovery:discover_packages(recursive) discover
[0.695s] INFO:colcon.colcon_core.package_discovery:Crawling recursively for packages in '/home/dlyerly/ros2_ws/src/bluerov2_gz'
[0.695s] Level 1:colcon.colcon_core.package_identification:_identify(.) by extensions ['ignore', 'ignore_ament_install']
[0.695s] Level 1:colcon.colcon_core.package_identification:_identify(.) by extension 'ignore'
[0.695s] Level 1:colcon.colcon_core.package_identification:_identify(.) by extension 'ignore_ament_install'
[0.695s] Level 1:colcon.colcon_core.package_identification:_identify(.) by extensions ['colcon_pkg']
[0.695s] Level 1:colcon.colcon_core.package_identification:_identify(.) by extension 'colcon_pkg'
[0.695s] Level 1:colcon.colcon_core.package_identification:_identify(.) by extensions ['colcon_meta']
[0.696s] Level 1:colcon.colcon_core.package_identification:_identify(.) by extension 'colcon_meta'
[0.696s] Level 1:colcon.colcon_core.package_identification:_identify(.) by extensions ['ros']
[0.696s] Level 1:colcon.colcon_core.package_identification:_identify(.) by extension 'ros'
[0.763s] DEBUG:colcon.colcon_core.package_identification:Package '.' with type 'ros.ament_cmake' and name 'bluerov2_gz'
[0.764s] Level 1:colcon.colcon_core.package_discovery:discover_packages(recursive) using defaults
[0.764s] Level 1:colcon.colcon_core.package_discovery:discover_packages(ignore) discover
[0.764s] Level 1:colcon.colcon_core.package_discovery:discover_packages(ignore) using defaults
[0.764s] Level 1:colcon.colcon_core.package_discovery:discover_packages(path) discover
[0.764s] Level 1:colcon.colcon_core.package_discovery:discover_packages(path) using defaults
[0.799s] Level 1:colcon.colcon_core.package_discovery:discover_packages(prefix_path) check parameters
[0.799s] Level 1:colcon.colcon_core.package_discovery:discover_packages(prefix_path) discover
[0.802s] DEBUG:colcon.colcon_installed_package_information.package_discovery:Found 1 installed packages in /home/dlyerly/ros2_ws/src/bluerov2_gz/install
[0.803s] DEBUG:colcon.colcon_installed_package_information.package_discovery:Found 2 installed packages in /home/dlyerly/ros2_ws/install
[0.806s] DEBUG:colcon.colcon_installed_package_information.package_discovery:Found 315 installed packages in /opt/ros/jazzy
[0.807s] Level 1:colcon.colcon_core.package_discovery:discover_packages(prefix_path) using defaults
[0.914s] Level 5:colcon.colcon_core.verb:set package 'bluerov2_gz' build argument 'cmake_args' from command line to 'None'
[0.914s] Level 5:colcon.colcon_core.verb:set package 'bluerov2_gz' build argument 'cmake_target' from command line to 'None'
[0.915s] Level 5:colcon.colcon_core.verb:set package 'bluerov2_gz' build argument 'cmake_target_skip_unavailable' from command line to 'False'
[0.915s] Level 5:colcon.colcon_core.verb:set package 'bluerov2_gz' build argument 'cmake_clean_cache' from command line to 'False'
[0.915s] Level 5:colcon.colcon_core.verb:set package 'bluerov2_gz' build argument 'cmake_clean_first' from command line to 'False'
[0.916s] Level 5:colcon.colcon_core.verb:set package 'bluerov2_gz' build argument 'cmake_force_configure' from command line to 'False'
[0.916s] Level 5:colcon.colcon_core.verb:set package 'bluerov2_gz' build argument 'ament_cmake_args' from command line to 'None'
[0.916s] Level 5:colcon.colcon_core.verb:set package 'bluerov2_gz' build argument 'catkin_cmake_args' from command line to 'None'
[0.916s] Level 5:colcon.colcon_core.verb:set package 'bluerov2_gz' build argument 'catkin_skip_building_tests' from command line to 'False'
[0.917s] DEBUG:colcon.colcon_core.verb:Building package 'bluerov2_gz' with the following arguments: {'ament_cmake_args': None, 'build_base': '/home/dlyerly/ros2_ws/src/bluerov2_gz/build/bluerov2_gz', 'catkin_cmake_args': None, 'catkin_skip_building_tests': False, 'cmake_args': None, 'cmake_clean_cache': False, 'cmake_clean_first': False, 'cmake_force_configure': False, 'cmake_target': None, 'cmake_target_skip_unavailable': False, 'install_base': '/home/dlyerly/ros2_ws/src/bluerov2_gz/install/bluerov2_gz', 'merge_install': False, 'path': '/home/dlyerly/ros2_ws/src/bluerov2_gz', 'symlink_install': True, 'test_result_base': None}
[0.917s] INFO:colcon.colcon_core.executor:Executing jobs using 'parallel' executor
[0.919s] DEBUG:colcon.colcon_parallel_executor.executor.parallel:run_until_complete
[0.920s] INFO:colcon.colcon_ros.task.ament_cmake.build:Building ROS package in '/home/dlyerly/ros2_ws/src/bluerov2_gz' with build type 'ament_cmake'
[0.921s] INFO:colcon.colcon_cmake.task.cmake.build:Building CMake package in '/home/dlyerly/ros2_ws/src/bluerov2_gz'
[0.926s] INFO:colcon.colcon_core.plugin_system:Skipping extension 'colcon_core.shell.bat': Not used on non-Windows systems
[0.927s] INFO:colcon.colcon_core.shell:Skip shell extension 'powershell' for command environment: Not usable outside of PowerShell
[0.927s] DEBUG:colcon.colcon_core.shell:Skip shell extension 'dsv' for command environment
[0.978s] DEBUG:colcon.colcon_core.event_handler.log_command:Invoking command in '/home/dlyerly/ros2_ws/src/bluerov2_gz/build/bluerov2_gz': CMAKE_PREFIX_PATH=${CMAKE_PREFIX_PATH}:/opt/ros/jazzy /usr/bin/cmake --build /home/dlyerly/ros2_ws/src/bluerov2_gz/build/bluerov2_gz -- -j8 -l8
[24.107s] DEBUG:colcon.colcon_core.event_handler.log_command:Invoked command in '/home/dlyerly/ros2_ws/src/bluerov2_gz/build/bluerov2_gz' returned '0': CMAKE_PREFIX_PATH=${CMAKE_PREFIX_PATH}:/opt/ros/jazzy /usr/bin/cmake --build /home/dlyerly/ros2_ws/src/bluerov2_gz/build/bluerov2_gz -- -j8 -l8
[24.144s] DEBUG:colcon.colcon_core.event_handler.log_command:Invoking command in '/home/dlyerly/ros2_ws/src/bluerov2_gz/build/bluerov2_gz': CMAKE_PREFIX_PATH=${CMAKE_PREFIX_PATH}:/opt/ros/jazzy /usr/bin/cmake --install /home/dlyerly/ros2_ws/src/bluerov2_gz/build/bluerov2_gz
[24.335s] Level 1:colcon.colcon_core.environment:create_environment_scripts_only(bluerov2_gz)
[24.337s] DEBUG:colcon.colcon_core.event_handler.log_command:Invoked command in '/home/dlyerly/ros2_ws/src/bluerov2_gz/build/bluerov2_gz' returned '0': CMAKE_PREFIX_PATH=${CMAKE_PREFIX_PATH}:/opt/ros/jazzy /usr/bin/cmake --install /home/dlyerly/ros2_ws/src/bluerov2_gz/build/bluerov2_gz
[24.345s] Level 1:colcon.colcon_core.environment:checking '/home/dlyerly/ros2_ws/src/bluerov2_gz/install/bluerov2_gz' for CMake module files
[24.346s] Level 1:colcon.colcon_core.environment:checking '/home/dlyerly/ros2_ws/src/bluerov2_gz/install/bluerov2_gz' for CMake config files
[24.347s] Level 1:colcon.colcon_core.shell:create_environment_hook('bluerov2_gz', 'cmake_prefix_path')
[24.348s] INFO:colcon.colcon_core.shell:Creating environment hook '/home/dlyerly/ros2_ws/src/bluerov2_gz/install/bluerov2_gz/share/bluerov2_gz/hook/cmake_prefix_path.ps1'
[24.349s] INFO:colcon.colcon_core.shell:Creating environment descriptor '/home/dlyerly/ros2_ws/src/bluerov2_gz/install/bluerov2_gz/share/bluerov2_gz/hook/cmake_prefix_path.dsv'
[24.350s] INFO:colcon.colcon_core.shell:Creating environment hook '/home/dlyerly/ros2_ws/src/bluerov2_gz/install/bluerov2_gz/share/bluerov2_gz/hook/cmake_prefix_path.sh'
[24.352s] Level 1:colcon.colcon_core.environment:checking '/home/dlyerly/ros2_ws/src/bluerov2_gz/install/bluerov2_gz/lib'
[24.352s] Level 1:colcon.colcon_core.environment:checking '/home/dlyerly/ros2_ws/src/bluerov2_gz/install/bluerov2_gz/bin'
[24.352s] Level 1:colcon.colcon_core.environment:checking '/home/dlyerly/ros2_ws/src/bluerov2_gz/install/bluerov2_gz/lib/pkgconfig/bluerov2_gz.pc'
[24.353s] Level 1:colcon.colcon_core.environment:checking '/home/dlyerly/ros2_ws/src/bluerov2_gz/install/bluerov2_gz/lib/python3.12/site-packages'
[24.354s] Level 1:colcon.colcon_core.environment:checking '/home/dlyerly/ros2_ws/src/bluerov2_gz/install/bluerov2_gz/bin'
[24.354s] INFO:colcon.colcon_core.shell:Creating package script '/home/dlyerly/ros2_ws/src/bluerov2_gz/install/bluerov2_gz/share/bluerov2_gz/package.ps1'
[24.356s] INFO:colcon.colcon_core.shell:Creating package descriptor '/home/dlyerly/ros2_ws/src/bluerov2_gz/install/bluerov2_gz/share/bluerov2_gz/package.dsv'
[24.357s] INFO:colcon.colcon_core.shell:Creating package script '/home/dlyerly/ros2_ws/src/bluerov2_gz/install/bluerov2_gz/share/bluerov2_gz/package.sh'
[24.357s] INFO:colcon.colcon_core.shell:Creating package script '/home/dlyerly/ros2_ws/src/bluerov2_gz/install/bluerov2_gz/share/bluerov2_gz/package.bash'
[24.359s] INFO:colcon.colcon_core.shell:Creating package script '/home/dlyerly/ros2_ws/src/bluerov2_gz/install/bluerov2_gz/share/bluerov2_gz/package.zsh'
[24.361s] Level 1:colcon.colcon_core.environment:create_file_with_runtime_dependencies(/home/dlyerly/ros2_ws/src/bluerov2_gz/install/bluerov2_gz/share/colcon-core/packages/bluerov2_gz)
[24.363s] Level 1:colcon.colcon_core.environment:create_environment_scripts_only(bluerov2_gz)
[24.363s] Level 1:colcon.colcon_core.environment:checking '/home/dlyerly/ros2_ws/src/bluerov2_gz/install/bluerov2_gz' for CMake module files
[24.364s] Level 1:colcon.colcon_core.environment:checking '/home/dlyerly/ros2_ws/src/bluerov2_gz/install/bluerov2_gz' for CMake config files
[24.365s] Level 1:colcon.colcon_core.shell:create_environment_hook('bluerov2_gz', 'cmake_prefix_path')
[24.365s] INFO:colcon.colcon_core.shell:Creating environment hook '/home/dlyerly/ros2_ws/src/bluerov2_gz/install/bluerov2_gz/share/bluerov2_gz/hook/cmake_prefix_path.ps1'
[24.366s] INFO:colcon.colcon_core.shell:Creating environment descriptor '/home/dlyerly/ros2_ws/src/bluerov2_gz/install/bluerov2_gz/share/bluerov2_gz/hook/cmake_prefix_path.dsv'
[24.367s] INFO:colcon.colcon_core.shell:Creating environment hook '/home/dlyerly/ros2_ws/src/bluerov2_gz/install/bluerov2_gz/share/bluerov2_gz/hook/cmake_prefix_path.sh'
[24.368s] Level 1:colcon.colcon_core.environment:checking '/home/dlyerly/ros2_ws/src/bluerov2_gz/install/bluerov2_gz/lib'
[24.368s] Level 1:colcon.colcon_core.environment:checking '/home/dlyerly/ros2_ws/src/bluerov2_gz/install/bluerov2_gz/bin'
[24.368s] Level 1:colcon.colcon_core.environment:checking '/home/dlyerly/ros2_ws/src/bluerov2_gz/install/bluerov2_gz/lib/pkgconfig/bluerov2_gz.pc'
[24.368s] Level 1:colcon.colcon_core.environment:checking '/home/dlyerly/ros2_ws/src/bluerov2_gz/install/bluerov2_gz/lib/python3.12/site-packages'
[24.369s] Level 1:colcon.colcon_core.environment:checking '/home/dlyerly/ros2_ws/src/bluerov2_gz/install/bluerov2_gz/bin'
[24.369s] INFO:colcon.colcon_core.shell:Creating package script '/home/dlyerly/ros2_ws/src/bluerov2_gz/install/bluerov2_gz/share/bluerov2_gz/package.ps1'
[24.370s] INFO:colcon.colcon_core.shell:Creating package descriptor '/home/dlyerly/ros2_ws/src/bluerov2_gz/install/bluerov2_gz/share/bluerov2_gz/package.dsv'
[24.371s] INFO:colcon.colcon_core.shell:Creating package script '/home/dlyerly/ros2_ws/src/bluerov2_gz/install/bluerov2_gz/share/bluerov2_gz/package.sh'
[24.373s] INFO:colcon.colcon_core.shell:Creating package script '/home/dlyerly/ros2_ws/src/bluerov2_gz/install/bluerov2_gz/share/bluerov2_gz/package.bash'
[24.376s] INFO:colcon.colcon_core.shell:Creating package script '/home/dlyerly/ros2_ws/src/bluerov2_gz/install/bluerov2_gz/share/bluerov2_gz/package.zsh'
[24.379s] Level 1:colcon.colcon_core.environment:create_file_with_runtime_dependencies(/home/dlyerly/ros2_ws/src/bluerov2_gz/install/bluerov2_gz/share/colcon-core/packages/bluerov2_gz)
[24.380s] DEBUG:colcon.colcon_parallel_executor.executor.parallel:closing loop
[24.380s] DEBUG:colcon.colcon_parallel_executor.executor.parallel:loop closed
[24.380s] DEBUG:colcon.colcon_parallel_executor.executor.parallel:run_until_complete finished with '0'
[24.382s] DEBUG:colcon.colcon_core.event_reactor:joining thread
[24.578s] INFO:colcon.colcon_core.plugin_system:Skipping extension 'colcon_notification.desktop_notification.notify_send': Could not find 'notify-send'
[24.579s] INFO:colcon.colcon_core.plugin_system:Skipping extension 'colcon_notification.desktop_notification.terminal_notifier': Not used on non-Darwin systems
[24.579s] INFO:colcon.colcon_core.plugin_system:Skipping extension 'colcon_notification.desktop_notification.win32': Not used on non-Windows systems
[24.579s] INFO:colcon.colcon_notification.desktop_notification:Sending desktop notification using 'notify2'
[24.579s] DEBUG:colcon.colcon_notification.desktop_notification.notify2:Failed to initialize notify2: org.freedesktop.DBus.Error.FileNotFound: Failed to connect to socket /run/user/1000/bus: No such file or directory
[24.579s] DEBUG:colcon.colcon_core.event_reactor:joined thread
[24.580s] INFO:colcon.colcon_core.shell:Creating prefix script '/home/dlyerly/ros2_ws/src/bluerov2_gz/install/local_setup.ps1'
[24.581s] INFO:colcon.colcon_core.shell:Creating prefix util module '/home/dlyerly/ros2_ws/src/bluerov2_gz/install/_local_setup_util_ps1.py'
[24.583s] INFO:colcon.colcon_core.shell:Creating prefix chain script '/home/dlyerly/ros2_ws/src/bluerov2_gz/install/setup.ps1'
[24.585s] INFO:colcon.colcon_core.shell:Creating prefix script '/home/dlyerly/ros2_ws/src/bluerov2_gz/install/local_setup.sh'
[24.586s] INFO:colcon.colcon_core.shell:Creating prefix util module '/home/dlyerly/ros2_ws/src/bluerov2_gz/install/_local_setup_util_sh.py'
[24.588s] INFO:colcon.colcon_core.shell:Creating prefix chain script '/home/dlyerly/ros2_ws/src/bluerov2_gz/install/setup.sh'
[24.590s] INFO:colcon.colcon_core.shell:Creating prefix script '/home/dlyerly/ros2_ws/src/bluerov2_gz/install/local_setup.bash'
[24.591s] INFO:colcon.colcon_core.shell:Creating prefix chain script '/home/dlyerly/ros2_ws/src/bluerov2_gz/install/setup.bash'
[24.593s] INFO:colcon.colcon_core.shell:Creating prefix script '/home/dlyerly/ros2_ws/src/bluerov2_gz/install/local_setup.zsh'
[24.594s] INFO:colcon.colcon_core.shell:Creating prefix chain script '/home/dlyerly/ros2_ws/src/bluerov2_gz/install/setup.zsh'
