[0.032s] Invoking command in '/home/dlyerly/ros2_ws/src/bluerov2_gz/build/bluerov2_gz': CMAKE_PREFIX_PATH=${CMAKE_PREFIX_PATH}:/opt/ros/jazzy /usr/bin/cmake --build /home/dlyerly/ros2_ws/src/bluerov2_gz/build/bluerov2_gz -- -j8 -l8
[0.292s] -- Found ament_cmake_auto: 2.5.4 (/opt/ros/jazzy/share/ament_cmake_auto/cmake)
[1.004s] -- Override CMake install command with custom implementation using symlinks instead of copying resources
[1.323s] -- Found rclcpp: 28.1.12 (/opt/ros/jazzy/share/rclcpp/cmake)
[1.891s] -- Found rosidl_generator_c: 4.6.6 (/opt/ros/jazzy/share/rosidl_generator_c/cmake)
[1.924s] -- Found rosidl_generator_cpp: 4.6.6 (/opt/ros/jazzy/share/rosidl_generator_cpp/cmake)
[1.958s] -- Using all available rosidl_typesupport_c: rosidl_typesupport_fastrtps_c;rosidl_typesupport_introspection_c
[1.998s] -- Using all available rosidl_typesupport_cpp: rosidl_typesupport_fastrtps_cpp;rosidl_typesupport_introspection_cpp
[2.164s] -- Found rmw_implementation_cmake: 7.3.2 (/opt/ros/jazzy/share/rmw_implementation_cmake/cmake)
[2.173s] -- Found rmw_fastrtps_cpp: 8.4.3 (/opt/ros/jazzy/share/rmw_fastrtps_cpp/cmake)
[3.005s] -- Using RMW implementation 'rmw_fastrtps_cpp' as default
[3.641s] -- Found std_msgs: 5.3.6 (/opt/ros/jazzy/share/std_msgs/cmake)
[3.689s] -- Found sensor_msgs: 5.3.6 (/opt/ros/jazzy/share/sensor_msgs/cmake)
[3.828s] -- Configuring done (3.6s)
[3.935s] -- Generating done (0.1s)
[3.959s] -- Build files have been written to: /home/dlyerly/ros2_ws/src/bluerov2_gz/build/bluerov2_gz
[4.096s] [ 50%] Built target imu_listener
[4.098s] [ 75%] [32mBuilding CXX object CMakeFiles/teleop_node.dir/scripts/teleop_node.cpp.o[0m
[11.332s] [01m[K/home/dlyerly/ros2_ws/src/bluerov2_gz/scripts/teleop_node.cpp:[m[K In constructor ‘[01m[KBlueROVTeleop::[01;32m[KBlueROVTeleop[m[K()[m[K’:
[11.332s] [01m[K/home/dlyerly/ros2_ws/src/bluerov2_gz/scripts/teleop_node.cpp:36:71:[m[K [01;31m[Kerror: [m[Kno matching function for call to ‘[01m[KBlueROVTeleop::create_subscription<std_msgs::msg::Float64>(const char [33], std::_Bind_helper<false, void (BlueROVTeleop::*)(std::shared_ptr<std_msgs::msg::Float64_<std::allocator<void> > >), BlueROVTeleop*, const std::_Placeholder<1>&>::type)[m[K’
[11.332s]    36 |         depth_sub_ = [01;31m[Kthis->create_subscription<std_msgs::msg::Float64>([m[K
[11.332s]       |                      [01;31m[K~~~~~~~~~~~~~~~~~~~~~~~~~~~~~~~~~~~~~~~~~~~~~~~~~^[m[K
[11.332s]    37 | [01;31m[K            "/model/bluerov2/calculated_depth",[m[K
[11.332s]       |             [01;31m[K~~~~~~~~~~~~~~~~~~~~~~~~~~~~~~~~~~~[m[K                        
[11.332s]    38 | [01;31m[K            std::bind(&BlueROVTeleop::depth_callback, this, std::placeholders::_1))[m[K;
[11.333s]       |             [01;31m[K~~~~~~~~~~~~~~~~~~~~~~~~~~~~~~~~~~~~~~~~~~~~~~~~~~~~~~~~~~~~~~~~~~~~~~~[m[K
[11.340s] In file included from [01m[K/opt/ros/jazzy/include/rclcpp/rclcpp/executors/single_threaded_executor.hpp:28[m[K,
[11.340s]                  from [01m[K/opt/ros/jazzy/include/rclcpp/rclcpp/executors.hpp:22[m[K,
[11.340s]                  from [01m[K/opt/ros/jazzy/include/rclcpp/rclcpp/rclcpp.hpp:172[m[K,
[11.340s]                  from [01m[K/home/dlyerly/ros2_ws/src/bluerov2_gz/scripts/teleop_node.cpp:1[m[K:
[11.340s] [01m[K/opt/ros/jazzy/include/rclcpp/rclcpp/node.hpp:221:3:[m[K [01;36m[Knote: [m[Kcandidate: ‘[01m[Ktemplate<class MessageT, class CallbackT, class AllocatorT, class SubscriptionT, class MessageMemoryStrategyT> std::shared_ptr<ROSMessageT> rclcpp::Node::[01;32m[Kcreate_subscription[m[K(const std::string&, const rclcpp::QoS&, CallbackT&&, const rclcpp::SubscriptionOptionsWithAllocator<AllocatorT>&, typename MessageMemoryStrategyT::SharedPtr)[m[K’
[11.340s]   221 |   [01;36m[Kcreate_subscription[m[K(
[11.340s]       |   [01;36m[K^~~~~~~~~~~~~~~~~~~[m[K
[11.340s] [01m[K/opt/ros/jazzy/include/rclcpp/rclcpp/node.hpp:221:3:[m[K [01;36m[Knote: [m[K  candidate expects 3 arguments, 2 provided
[16.017s] gmake[2]: *** [CMakeFiles/teleop_node.dir/build.make:76: CMakeFiles/teleop_node.dir/scripts/teleop_node.cpp.o] Error 1
[16.019s] gmake[1]: *** [CMakeFiles/Makefile2:139: CMakeFiles/teleop_node.dir/all] Error 2
[16.026s] gmake: *** [Makefile:146: all] Error 2
[16.050s] Invoked command in '/home/dlyerly/ros2_ws/src/bluerov2_gz/build/bluerov2_gz' returned '2': CMAKE_PREFIX_PATH=${CMAKE_PREFIX_PATH}:/opt/ros/jazzy /usr/bin/cmake --build /home/dlyerly/ros2_ws/src/bluerov2_gz/build/bluerov2_gz -- -j8 -l8
