-- Found ament_cmake_auto: 2.5.4 (/opt/ros/jazzy/share/ament_cmake_auto/cmake)
-- Override CMake install command with custom implementation using symlinks instead of copying resources
-- Found rclcpp: 28.1.12 (/opt/ros/jazzy/share/rclcpp/cmake)
-- Found rosidl_generator_c: 4.6.6 (/opt/ros/jazzy/share/rosidl_generator_c/cmake)
-- Found rosidl_generator_cpp: 4.6.6 (/opt/ros/jazzy/share/rosidl_generator_cpp/cmake)
-- Using all available rosidl_typesupport_c: rosidl_typesupport_fastrtps_c;rosidl_typesupport_introspection_c
-- Using all available rosidl_typesupport_cpp: rosidl_typesupport_fastrtps_cpp;rosidl_typesupport_introspection_cpp
-- Found rmw_implementation_cmake: 7.3.2 (/opt/ros/jazzy/share/rmw_implementation_cmake/cmake)
-- Found rmw_fastrtps_cpp: 8.4.3 (/opt/ros/jazzy/share/rmw_fastrtps_cpp/cmake)
-- Using RMW implementation 'rmw_fastrtps_cpp' as default
-- Found std_msgs: 5.3.6 (/opt/ros/jazzy/share/std_msgs/cmake)
-- Found sensor_msgs: 5.3.6 (/opt/ros/jazzy/share/sensor_msgs/cmake)
-- Configuring done (1.9s)
-- Generating done (0.0s)
-- Build files have been written to: /home/dlyerly/ros2_ws/src/bluerov2_gz/build/bluerov2_gz
[ 25%] [32mBuilding CXX object CMakeFiles/teleop_node.dir/scripts/teleop_node.cpp.o[0m
[ 75%] Built target imu_listener
[100%] [32m[1mLinking CXX executable teleop_node[0m
[100%] Built target teleop_node
-- Install configuration: ""
-- Execute custom install script
-- Symlinking: /home/dlyerly/ros2_ws/src/bluerov2_gz/install/bluerov2_gz/share/bluerov2_gz/environment/setup.dsv
-- Symlinking: /home/dlyerly/ros2_ws/src/bluerov2_gz/install/bluerov2_gz/share/bluerov2_gz/models/axes/model.config
-- Symlinking: /home/dlyerly/ros2_ws/src/bluerov2_gz/install/bluerov2_gz/share/bluerov2_gz/models/axes/model.sdf
-- Symlinking: /home/dlyerly/ros2_ws/src/bluerov2_gz/install/bluerov2_gz/share/bluerov2_gz/models/bluerov2/BlueROV2.md
-- Symlinking: /home/dlyerly/ros2_ws/src/bluerov2_gz/install/bluerov2_gz/share/bluerov2_gz/models/bluerov2/configs.yaml
-- Symlinking: /home/dlyerly/ros2_ws/src/bluerov2_gz/install/bluerov2_gz/share/bluerov2_gz/models/bluerov2/meshes/bluerov2.dae
-- Symlinking: /home/dlyerly/ros2_ws/src/bluerov2_gz/install/bluerov2_gz/share/bluerov2_gz/models/bluerov2/meshes/t200_ccw_prop.dae
-- Symlinking: /home/dlyerly/ros2_ws/src/bluerov2_gz/install/bluerov2_gz/share/bluerov2_gz/models/bluerov2/meshes/t200_cw_prop.dae
-- Symlinking: /home/dlyerly/ros2_ws/src/bluerov2_gz/install/bluerov2_gz/share/bluerov2_gz/models/bluerov2/model.config
-- Symlinking: /home/dlyerly/ros2_ws/src/bluerov2_gz/install/bluerov2_gz/share/bluerov2_gz/models/bluerov2/model.sdf
-- Symlinking: /home/dlyerly/ros2_ws/src/bluerov2_gz/install/bluerov2_gz/share/bluerov2_gz/models/bluerov2/model.sdf.in
-- Symlinking: /home/dlyerly/ros2_ws/src/bluerov2_gz/install/bluerov2_gz/share/bluerov2_gz/models/bluerov2_heavy/BlueROV2Heavy.md
-- Symlinking: /home/dlyerly/ros2_ws/src/bluerov2_gz/install/bluerov2_gz/share/bluerov2_gz/models/bluerov2_heavy/configs.yaml
-- Symlinking: /home/dlyerly/ros2_ws/src/bluerov2_gz/install/bluerov2_gz/share/bluerov2_gz/models/bluerov2_heavy/meshes/bluerov2_heavy.dae
-- Symlinking: /home/dlyerly/ros2_ws/src/bluerov2_gz/install/bluerov2_gz/share/bluerov2_gz/models/bluerov2_heavy/meshes/t200_ccw_prop.dae
-- Symlinking: /home/dlyerly/ros2_ws/src/bluerov2_gz/install/bluerov2_gz/share/bluerov2_gz/models/bluerov2_heavy/meshes/t200_cw_prop.dae
-- Symlinking: /home/dlyerly/ros2_ws/src/bluerov2_gz/install/bluerov2_gz/share/bluerov2_gz/models/bluerov2_heavy/model.config
-- Symlinking: /home/dlyerly/ros2_ws/src/bluerov2_gz/install/bluerov2_gz/share/bluerov2_gz/models/bluerov2_heavy/model.sdf
-- Symlinking: /home/dlyerly/ros2_ws/src/bluerov2_gz/install/bluerov2_gz/share/bluerov2_gz/models/bluerov2_heavy/model.sdf.in
-- Symlinking: /home/dlyerly/ros2_ws/src/bluerov2_gz/install/bluerov2_gz/share/bluerov2_gz/models/bluerov2_ping/BlueROV2Ping.md
-- Symlinking: /home/dlyerly/ros2_ws/src/bluerov2_gz/install/bluerov2_gz/share/bluerov2_gz/models/bluerov2_ping/configs.yaml
-- Symlinking: /home/dlyerly/ros2_ws/src/bluerov2_gz/install/bluerov2_gz/share/bluerov2_gz/models/bluerov2_ping/model.config
-- Symlinking: /home/dlyerly/ros2_ws/src/bluerov2_gz/install/bluerov2_gz/share/bluerov2_gz/models/bluerov2_ping/model.sdf
-- Symlinking: /home/dlyerly/ros2_ws/src/bluerov2_gz/install/bluerov2_gz/share/bluerov2_gz/models/bluerov2_ping/model.sdf.in
-- Symlinking: /home/dlyerly/ros2_ws/src/bluerov2_gz/install/bluerov2_gz/share/bluerov2_gz/models/sand_heightmap/materials/flat_normal.png
-- Symlinking: /home/dlyerly/ros2_ws/src/bluerov2_gz/install/bluerov2_gz/share/bluerov2_gz/models/sand_heightmap/materials/soil_sand_0045_01.jpg
-- Symlinking: /home/dlyerly/ros2_ws/src/bluerov2_gz/install/bluerov2_gz/share/bluerov2_gz/models/sand_heightmap/meshes/License and source for textures.txt
-- Symlinking: /home/dlyerly/ros2_ws/src/bluerov2_gz/install/bluerov2_gz/share/bluerov2_gz/models/sand_heightmap/meshes/heightmap.dae
-- Symlinking: /home/dlyerly/ros2_ws/src/bluerov2_gz/install/bluerov2_gz/share/bluerov2_gz/models/sand_heightmap/meshes/sandseabed.dae
-- Symlinking: /home/dlyerly/ros2_ws/src/bluerov2_gz/install/bluerov2_gz/share/bluerov2_gz/models/sand_heightmap/meshes/soil_sand_0045_01.jpg
-- Symlinking: /home/dlyerly/ros2_ws/src/bluerov2_gz/install/bluerov2_gz/share/bluerov2_gz/models/sand_heightmap/model.config
-- Symlinking: /home/dlyerly/ros2_ws/src/bluerov2_gz/install/bluerov2_gz/share/bluerov2_gz/models/sand_heightmap/model.sdf
-- Symlinking: /home/dlyerly/ros2_ws/src/bluerov2_gz/install/bluerov2_gz/share/bluerov2_gz/worlds/bluerov2_heavy_underwater.world
-- Symlinking: /home/dlyerly/ros2_ws/src/bluerov2_gz/install/bluerov2_gz/share/bluerov2_gz/worlds/bluerov2_ping.world
-- Symlinking: /home/dlyerly/ros2_ws/src/bluerov2_gz/install/bluerov2_gz/share/bluerov2_gz/worlds/bluerov2_underwater.world
-- Symlinking: /home/dlyerly/ros2_ws/src/bluerov2_gz/install/bluerov2_gz/share/ament_index/resource_index/package_run_dependencies/bluerov2_gz
-- Symlinking: /home/dlyerly/ros2_ws/src/bluerov2_gz/install/bluerov2_gz/share/ament_index/resource_index/parent_prefix_path/bluerov2_gz
-- Symlinking: /home/dlyerly/ros2_ws/src/bluerov2_gz/install/bluerov2_gz/share/bluerov2_gz/environment/ament_prefix_path.sh
-- Symlinking: /home/dlyerly/ros2_ws/src/bluerov2_gz/install/bluerov2_gz/share/bluerov2_gz/environment/ament_prefix_path.dsv
-- Symlinking: /home/dlyerly/ros2_ws/src/bluerov2_gz/install/bluerov2_gz/share/bluerov2_gz/environment/path.sh
-- Symlinking: /home/dlyerly/ros2_ws/src/bluerov2_gz/install/bluerov2_gz/share/bluerov2_gz/environment/path.dsv
-- Symlinking: /home/dlyerly/ros2_ws/src/bluerov2_gz/install/bluerov2_gz/share/bluerov2_gz/local_setup.bash
-- Symlinking: /home/dlyerly/ros2_ws/src/bluerov2_gz/install/bluerov2_gz/share/bluerov2_gz/local_setup.sh
-- Symlinking: /home/dlyerly/ros2_ws/src/bluerov2_gz/install/bluerov2_gz/share/bluerov2_gz/local_setup.zsh
-- Symlinking: /home/dlyerly/ros2_ws/src/bluerov2_gz/install/bluerov2_gz/share/bluerov2_gz/local_setup.dsv
-- Symlinking: /home/dlyerly/ros2_ws/src/bluerov2_gz/install/bluerov2_gz/share/bluerov2_gz/package.dsv
-- Symlinking: /home/dlyerly/ros2_ws/src/bluerov2_gz/install/bluerov2_gz/share/ament_index/resource_index/packages/bluerov2_gz
-- Symlinking: /home/dlyerly/ros2_ws/src/bluerov2_gz/install/bluerov2_gz/share/bluerov2_gz/cmake/bluerov2_gzConfig.cmake
-- Symlinking: /home/dlyerly/ros2_ws/src/bluerov2_gz/install/bluerov2_gz/share/bluerov2_gz/cmake/bluerov2_gzConfig-version.cmake
-- Symlinking: /home/dlyerly/ros2_ws/src/bluerov2_gz/install/bluerov2_gz/share/bluerov2_gz/package.xml
-- Symlinking: /home/dlyerly/ros2_ws/src/bluerov2_gz/install/bluerov2_gz/lib/bluerov2_gz/teleop_node
-- Symlinking: /home/dlyerly/ros2_ws/src/bluerov2_gz/install/bluerov2_gz/lib/bluerov2_gz/imu_listener
